// Jest Snapshot v1, https://goo.gl/fbAQLP

exports[`Feedback should match snapshot 1`] = `
.c1 {
  -webkit-align-items: center;
  -webkit-box-align: center;
  -ms-flex-align: center;
  align-items: center;
  display: -webkit-box;
  display: -webkit-flex;
  display: -ms-flexbox;
  display: flex;
  fill: #201E24;
  -webkit-box-pack: center;
  -webkit-justify-content: center;
  -ms-flex-pack: center;
  justify-content: center;
  height: 1.2rem;
  width: 1.2rem;
}

.c1 svg {
  height: 100%;
  width: 100%;
}

.c0 {
  -webkit-align-items: center;
  -webkit-box-align: center;
  -ms-flex-align: center;
  align-items: center;
  color: #CE091C;
  display: -webkit-box;
  display: -webkit-flex;
  display: -ms-flexbox;
  display: flex;
  font-size: 1.2rem;
  font-weight: 500;
  line-height: 1em;
  -webkit-user-select: none;
  -moz-user-select: none;
  -ms-user-select: none;
  user-select: none;
}

.c0 div {
  fill: #E50A1F;
  margin-right: 0.5rem;
}

<span
  className="c0"
>
  <div
    className="c1"
    name="danger"
    size="small"
  >
    <svg
      data-testid="svg"
      height="24"
      viewBox="0 0 24 24"
      width="24"
      xmlns="http://www.w3.org/2000/svg"
      xmlnsXlink="http://www.w3.org/1999/xlink"
    />
  </div>
  This is a generic message.
</span>
`;
